node.exe : PASS 
src/components/manuscript/__tests__/ManuscriptForm.test.tsx (9.111 s)
Au caractère Ligne:1 : 1
+ & "C:\Program Files\nodejs/node.exe" "C:\Users\user\AppData\Roaming\n 
...
+ ~~~~~~~~~~~~~~~~~~~~~~~~~~~~~~~~~~~~~~~~~~~~~~~~~~~~~~~~~~~~~~~~~~~~~
    + CategoryInfo          : NotSpecified: (PASS src/compon...t.tsx (9. 
   111 s):String) [], RemoteException
    + FullyQualifiedErrorId : NativeCommandError
 
PASS src/components/home/__tests__/HowItWorksSection.test.tsx (13.267 s)
PASS src/components/collection/__tests__/RelatedCollections.test.tsx 
(13.746 s)
  ÔùÅ Console

    console.error
      Received `true` for a non-boolean attribute `fill`.
      
      If you want to write it to the DOM, pass a string instead: 
fill="true" or fill={value.toString()}.

    [0m [90m 46 |[39m         cleanup()[33m;[39m
     [90m 47 |[39m         
    [31m[1m>[22m[39m[90m 48 |[39m         
render([33m<[39m[33mRelatedCollectionCard[39m 
collection[33m=[39m{collection} [33m/[39m[33m>[39m)[33m;[39m
     [90m    |[39m               [31m[1m^[22m[39m
     [90m 49 |[39m
     [90m 50 |[39m         [90m// Card should be rendered[39m
     [90m 51 |[39m         [36mconst[39m card [33m=[39m screen[33m
.[39mgetByTestId([32m'related-collection-card'[39m)[33m;[39m[0m

      at validateProperty 
(node_modules/react-dom/cjs/react-dom-client.development.js:3070:27)
      at warnUnknownProperties 
(node_modules/react-dom/cjs/react-dom-client.development.js:3146:9)
      at validatePropertiesInDevelopment 
(node_modules/react-dom/cjs/react-dom-client.development.js:19868:9)
      at setInitialProperties 
(node_modules/react-dom/cjs/react-dom-client.development.js:20491:7)
      at completeWork 
(node_modules/react-dom/cjs/react-dom-client.development.js:12662:18)
      at runWithFiberInDEV 
(node_modules/react-dom/cjs/react-dom-client.development.js:874:13)
      at completeUnitOfWork 
(node_modules/react-dom/cjs/react-dom-client.development.js:17777:19)
      at performUnitOfWork 
(node_modules/react-dom/cjs/react-dom-client.development.js:17658:11)
      at workLoopSync 
(node_modules/react-dom/cjs/react-dom-client.development.js:17469:41)
      at renderRootSync 
(node_modules/react-dom/cjs/react-dom-client.development.js:17450:11)
      at performWorkOnRoot 
(node_modules/react-dom/cjs/react-dom-client.development.js:16504:11)
      at performWorkOnRootViaSchedulerTask 
(node_modules/react-dom/cjs/react-dom-client.development.js:18957:7)
      at flushActQueue 
(node_modules/react/cjs/react.development.js:590:34)
      at process.env.NODE_ENV.exports.act 
(node_modules/react/cjs/react.development.js:884:10)
      at node_modules/@testing-library/react/dist/act-compat.js:46:25
      at renderRoot 
(node_modules/@testing-library/react/dist/pure.js:189:26)
      at render (node_modules/@testing-library/react/dist/pure.js:291:10)
      at 
src/components/collection/__tests__/RelatedCollections.test.tsx:48:15
      at Property.predicate 
(node_modules/fast-check/lib/cjs/check/property/Property.js:17:92)
      at Property.run (node_modules/fast-check/lib/cjs/check/property/Pro
perty.generic.js:46:33)
      at runIt 
(node_modules/fast-check/lib/cjs/check/runner/Runner.js:18:30)
      at check 
(node_modules/fast-check/lib/cjs/check/runner/Runner.js:58:11)
      at Object.assert 
(node_modules/fast-check/lib/cjs/check/runner/Runner.js:61:17)
      at Object.<anonymous> 
(src/components/collection/__tests__/RelatedCollections.test.tsx:44:8)

PASS app/collections/[slug]/__tests__/page.test.tsx (16.576 s)
  ÔùÅ Console

    console.error
      Received `true` for a non-boolean attribute `fill`.
      
      If you want to write it to the DOM, pass a string instead: 
fill="true" or fill={value.toString()}.

    [0m [90m 108 |[39m         cleanup()[33m;[39m
     [90m 109 |[39m         
    [31m[1m>[22m[39m[90m 110 |[39m         render(
     [90m     |[39m               [31m[1m^[22m[39m
     [90m 111 |[39m           [33m<[39m[33mCollectionHero[39m
     [90m 112 |[39m             collection[33m=[39m{collection}
     [90m 113 |[39m             
onAddToCart[33m=[39m{mockOnAddToCart}[0m

      at validateProperty 
(node_modules/react-dom/cjs/react-dom-client.development.js:3070:27)
      at warnUnknownProperties 
(node_modules/react-dom/cjs/react-dom-client.development.js:3146:9)
      at validatePropertiesInDevelopment 
(node_modules/react-dom/cjs/react-dom-client.development.js:19868:9)
      at setInitialProperties 
(node_modules/react-dom/cjs/react-dom-client.development.js:20491:7)
      at completeWork 
(node_modules/react-dom/cjs/react-dom-client.development.js:12662:18)
      at runWithFiberInDEV 
(node_modules/react-dom/cjs/react-dom-client.development.js:874:13)
      at completeUnitOfWork 
(node_modules/react-dom/cjs/react-dom-client.development.js:17777:19)
      at performUnitOfWork 
(node_modules/react-dom/cjs/react-dom-client.development.js:17658:11)
      at workLoopSync 
(node_modules/react-dom/cjs/react-dom-client.development.js:17469:41)
      at renderRootSync 
(node_modules/react-dom/cjs/react-dom-client.development.js:17450:11)
      at performWorkOnRoot 
(node_modules/react-dom/cjs/react-dom-client.development.js:16504:11)
      at performWorkOnRootViaSchedulerTask 
(node_modules/react-dom/cjs/react-dom-client.development.js:18957:7)
      at flushActQueue 
(node_modules/react/cjs/react.development.js:590:34)
      at process.env.NODE_ENV.exports.act 
(node_modules/react/cjs/react.development.js:884:10)
      at node_modules/@testing-library/react/dist/act-compat.js:46:25
      at renderRoot 
(node_modules/@testing-library/react/dist/pure.js:189:26)
      at render (node_modules/@testing-library/react/dist/pure.js:291:10)
      at app/collections/[slug]/__tests__/page.test.tsx:110:15
      at Property.predicate 
(node_modules/fast-check/lib/cjs/check/property/Property.js:17:92)
      at Property.run (node_modules/fast-check/lib/cjs/check/property/Pro
perty.generic.js:46:33)
      at runIt 
(node_modules/fast-check/lib/cjs/check/runner/Runner.js:18:30)
      at check 
(node_modules/fast-check/lib/cjs/check/runner/Runner.js:58:11)
      at Object.assert 
(node_modules/fast-check/lib/cjs/check/runner/Runner.js:61:17)
      at Object.<anonymous> 
(app/collections/[slug]/__tests__/page.test.tsx:106:8)

    console.error
      Received `true` for a non-boolean attribute `priority`.
      
      If you want to write it to the DOM, pass a string instead: 
priority="true" or priority={value.toString()}.

    [0m [90m 108 |[39m         cleanup()[33m;[39m
     [90m 109 |[39m         
    [31m[1m>[22m[39m[90m 110 |[39m         render(
     [90m     |[39m               [31m[1m^[22m[39m
     [90m 111 |[39m           [33m<[39m[33mCollectionHero[39m
     [90m 112 |[39m             collection[33m=[39m{collection}
     [90m 113 |[39m             
onAddToCart[33m=[39m{mockOnAddToCart}[0m

      at validateProperty 
(node_modules/react-dom/cjs/react-dom-client.development.js:3070:27)
      at warnUnknownProperties 
(node_modules/react-dom/cjs/react-dom-client.development.js:3146:9)
      at validatePropertiesInDevelopment 
(node_modules/react-dom/cjs/react-dom-client.development.js:19868:9)
      at setInitialProperties 
(node_modules/react-dom/cjs/react-dom-client.development.js:20491:7)
      at completeWork 
(node_modules/react-dom/cjs/react-dom-client.development.js:12662:18)
      at runWithFiberInDEV 
(node_modules/react-dom/cjs/react-dom-client.development.js:874:13)
      at completeUnitOfWork 
(node_modules/react-dom/cjs/react-dom-client.development.js:17777:19)
      at performUnitOfWork 
(node_modules/react-dom/cjs/react-dom-client.development.js:17658:11)
      at workLoopSync 
(node_modules/react-dom/cjs/react-dom-client.development.js:17469:41)
      at renderRootSync 
(node_modules/react-dom/cjs/react-dom-client.development.js:17450:11)
      at performWorkOnRoot 
(node_modules/react-dom/cjs/react-dom-client.development.js:16504:11)
      at performWorkOnRootViaSchedulerTask 
(node_modules/react-dom/cjs/react-dom-client.development.js:18957:7)
      at flushActQueue 
(node_modules/react/cjs/react.development.js:590:34)
      at process.env.NODE_ENV.exports.act 
(node_modules/react/cjs/react.development.js:884:10)
      at node_modules/@testing-library/react/dist/act-compat.js:46:25
      at renderRoot 
(node_modules/@testing-library/react/dist/pure.js:189:26)
      at render (node_modules/@testing-library/react/dist/pure.js:291:10)
      at app/collections/[slug]/__tests__/page.test.tsx:110:15
      at Property.predicate 
(node_modules/fast-check/lib/cjs/check/property/Property.js:17:92)
      at Property.run (node_modules/fast-check/lib/cjs/check/property/Pro
perty.generic.js:46:33)
      at runIt 
(node_modules/fast-check/lib/cjs/check/runner/Runner.js:18:30)
      at check 
(node_modules/fast-check/lib/cjs/check/runner/Runner.js:58:11)
      at Object.assert 
(node_modules/fast-check/lib/cjs/check/runner/Runner.js:61:17)
      at Object.<anonymous> 
(app/collections/[slug]/__tests__/page.test.tsx:106:8)

PASS src/components/collection/__tests__/CollectionBookCard.test.tsx 
(7.874 s)
  ÔùÅ Console

    console.error
      Received `true` for a non-boolean attribute `fill`.
      
      If you want to write it to the DOM, pass a string instead: 
fill="true" or fill={value.toString()}.

    [0m [90m 45 |[39m         cleanup()[33m;[39m
     [90m 46 |[39m         
    [31m[1m>[22m[39m[90m 47 |[39m         
render([33m<[39m[33mCollectionBookCard[39m book[33m=[39m{book} 
[33m/[39m[33m>[39m)[33m;[39m
     [90m    |[39m               [31m[1m^[22m[39m
     [90m 48 |[39m
     [90m 49 |[39m         [90m// Cover image should be displayed[39m
     [90m 50 |[39m         [36mconst[39m coverImage [33m=[39m 
screen[33m.[39mgetByTestId([32m'book-cover-image'[39m)[33m;[39m[0m

      at validateProperty 
(node_modules/react-dom/cjs/react-dom-client.development.js:3070:27)
      at warnUnknownProperties 
(node_modules/react-dom/cjs/react-dom-client.development.js:3146:9)
      at validatePropertiesInDevelopment 
(node_modules/react-dom/cjs/react-dom-client.development.js:19868:9)
      at setInitialProperties 
(node_modules/react-dom/cjs/react-dom-client.development.js:20491:7)
      at completeWork 
(node_modules/react-dom/cjs/react-dom-client.development.js:12662:18)
      at runWithFiberInDEV 
(node_modules/react-dom/cjs/react-dom-client.development.js:874:13)
      at completeUnitOfWork 
(node_modules/react-dom/cjs/react-dom-client.development.js:17777:19)
      at performUnitOfWork 
(node_modules/react-dom/cjs/react-dom-client.development.js:17658:11)
      at workLoopSync 
(node_modules/react-dom/cjs/react-dom-client.development.js:17469:41)
      at renderRootSync 
(node_modules/react-dom/cjs/react-dom-client.development.js:17450:11)
      at performWorkOnRoot 
(node_modules/react-dom/cjs/react-dom-client.development.js:16504:11)
      at performWorkOnRootViaSchedulerTask 
(node_modules/react-dom/cjs/react-dom-client.development.js:18957:7)
      at flushActQueue 
(node_modules/react/cjs/react.development.js:590:34)
      at process.env.NODE_ENV.exports.act 
(node_modules/react/cjs/react.development.js:884:10)
      at node_modules/@testing-library/react/dist/act-compat.js:46:25
      at renderRoot 
(node_modules/@testing-library/react/dist/pure.js:189:26)
      at render (node_modules/@testing-library/react/dist/pure.js:291:10)
      at 
src/components/collection/__tests__/CollectionBookCard.test.tsx:47:15
      at Property.predicate 
(node_modules/fast-check/lib/cjs/check/property/Property.js:17:92)
      at Property.run (node_modules/fast-check/lib/cjs/check/property/Pro
perty.generic.js:46:33)
      at runIt 
(node_modules/fast-check/lib/cjs/check/runner/Runner.js:18:30)
      at check 
(node_modules/fast-check/lib/cjs/check/runner/Runner.js:58:11)
      at Object.assert 
(node_modules/fast-check/lib/cjs/check/runner/Runner.js:61:17)
      at Object.<anonymous> 
(src/components/collection/__tests__/CollectionBookCard.test.tsx:43:8)

PASS src/components/collection/__tests__/CollectionBooksSection.test.tsx 
(17.502 s)
  ÔùÅ Console

    console.error
      Received `true` for a non-boolean attribute `fill`.
      
      If you want to write it to the DOM, pass a string instead: 
fill="true" or fill={value.toString()}.

    [0m [90m 53 |[39m         cleanup()[33m;[39m
     [90m 54 |[39m         
    [31m[1m>[22m[39m[90m 55 |[39m         
render([33m<[39m[33mCollectionBooksSection[39m 
books[33m=[39m{books} bookCount[33m=[39m{bookCount} 
[33m/[39m[33m>[39m)[33m;[39m
     [90m    |[39m               [31m[1m^[22m[39m
     [90m 56 |[39m
     [90m 57 |[39m         [90m// Book count subtitle should display 
the correct count[39m
     [90m 58 |[39m         [36mconst[39m subtitle [33m=[39m screen
[33m.[39mgetByTestId([32m'book-count-subtitle'[39m)[33m;[39m[0m

      at validateProperty 
(node_modules/react-dom/cjs/react-dom-client.development.js:3070:27)
      at warnUnknownProperties 
(node_modules/react-dom/cjs/react-dom-client.development.js:3146:9)
      at validatePropertiesInDevelopment 
(node_modules/react-dom/cjs/react-dom-client.development.js:19868:9)
      at setInitialProperties 
(node_modules/react-dom/cjs/react-dom-client.development.js:20491:7)
      at completeWork 
(node_modules/react-dom/cjs/react-dom-client.development.js:12662:18)
      at runWithFiberInDEV 
(node_modules/react-dom/cjs/react-dom-client.development.js:874:13)
      at completeUnitOfWork 
(node_modules/react-dom/cjs/react-dom-client.development.js:17777:19)
      at performUnitOfWork 
(node_modules/react-dom/cjs/react-dom-client.development.js:17658:11)
      at workLoopSync 
(node_modules/react-dom/cjs/react-dom-client.development.js:17469:41)
      at renderRootSync 
(node_modules/react-dom/cjs/react-dom-client.development.js:17450:11)
      at performWorkOnRoot 
(node_modules/react-dom/cjs/react-dom-client.development.js:16504:11)
      at performWorkOnRootViaSchedulerTask 
(node_modules/react-dom/cjs/react-dom-client.development.js:18957:7)
      at flushActQueue 
(node_modules/react/cjs/react.development.js:590:34)
      at process.env.NODE_ENV.exports.act 
(node_modules/react/cjs/react.development.js:884:10)
      at node_modules/@testing-library/react/dist/act-compat.js:46:25
      at renderRoot 
(node_modules/@testing-library/react/dist/pure.js:189:26)
      at render (node_modules/@testing-library/react/dist/pure.js:291:10)
      at 
src/components/collection/__tests__/CollectionBooksSection.test.tsx:55:15
      at Property.predicate 
(node_modules/fast-check/lib/cjs/check/property/Property.js:17:92)
      at Property.run (node_modules/fast-check/lib/cjs/check/property/Pro
perty.generic.js:46:33)
      at runIt 
(node_modules/fast-check/lib/cjs/check/runner/Runner.js:18:30)
      at check 
(node_modules/fast-check/lib/cjs/check/runner/Runner.js:58:11)
      at Object.assert 
(node_modules/fast-check/lib/cjs/check/runner/Runner.js:61:17)
      at Object.<anonymous> (src/components/collection/__tests__/Collecti
onBooksSection.test.tsx:51:8)

PASS src/components/ui/__tests__/Pagination.test.tsx
PASS src/components/collection/__tests__/CollectionListCard.test.tsx
  ÔùÅ Console

    console.error
      Received `true` for a non-boolean attribute `fill`.
      
      If you want to write it to the DOM, pass a string instead: 
fill="true" or fill={value.toString()}.

    [0m [90m 53 |[39m         cleanup()[33m;[39m
     [90m 54 |[39m         
    [31m[1m>[22m[39m[90m 55 |[39m         
render([33m<[39m[33mCollectionListCard[39m 
collection[33m=[39m{collection} [33m/[39m[33m>[39m)[33m;[39m
     [90m    |[39m               [31m[1m^[22m[39m
     [90m 56 |[39m
     [90m 57 |[39m         [36mconst[39m nouveauBadge [33m=[39m 
screen[33m.[39mqueryByTestId([32m'badge-new'[39m)[33m;[39m
     [90m 58 |[39m         [36mconst[39m populaireBadge [33m=[39m 
screen[33m.[39mqueryByTestId([32m'badge-popular'[39m)[33m;[39m[0m

      at validateProperty 
(node_modules/react-dom/cjs/react-dom-client.development.js:3070:27)
      at warnUnknownProperties 
(node_modules/react-dom/cjs/react-dom-client.development.js:3146:9)
      at validatePropertiesInDevelopment 
(node_modules/react-dom/cjs/react-dom-client.development.js:19868:9)
      at setInitialProperties 
(node_modules/react-dom/cjs/react-dom-client.development.js:20491:7)
      at completeWork 
(node_modules/react-dom/cjs/react-dom-client.development.js:12662:18)
      at runWithFiberInDEV 
(node_modules/react-dom/cjs/react-dom-client.development.js:874:13)
      at completeUnitOfWork 
(node_modules/react-dom/cjs/react-dom-client.development.js:17777:19)
      at performUnitOfWork 
(node_modules/react-dom/cjs/react-dom-client.development.js:17658:11)
      at workLoopSync 
(node_modules/react-dom/cjs/react-dom-client.development.js:17469:41)
      at renderRootSync 
(node_modules/react-dom/cjs/react-dom-client.development.js:17450:11)
      at performWorkOnRoot 
(node_modules/react-dom/cjs/react-dom-client.development.js:16504:11)
      at performWorkOnRootViaSchedulerTask 
(node_modules/react-dom/cjs/react-dom-client.development.js:18957:7)
      at flushActQueue 
(node_modules/react/cjs/react.development.js:590:34)
      at process.env.NODE_ENV.exports.act 
(node_modules/react/cjs/react.development.js:884:10)
      at node_modules/@testing-library/react/dist/act-compat.js:46:25
      at renderRoot 
(node_modules/@testing-library/react/dist/pure.js:189:26)
      at render (node_modules/@testing-library/react/dist/pure.js:291:10)
      at 
src/components/collection/__tests__/CollectionListCard.test.tsx:55:15
      at Property.predicate 
(node_modules/fast-check/lib/cjs/check/property/Property.js:17:92)
      at Property.run (node_modules/fast-check/lib/cjs/check/property/Pro
perty.generic.js:46:33)
      at runIt 
(node_modules/fast-check/lib/cjs/check/runner/Runner.js:18:30)
      at check 
(node_modules/fast-check/lib/cjs/check/runner/Runner.js:58:11)
      at Object.assert 
(node_modules/fast-check/lib/cjs/check/runner/Runner.js:61:17)
      at Object.<anonymous> 
(src/components/collection/__tests__/CollectionListCard.test.tsx:51:8)

PASS src/components/collection/__tests__/CollectionHero.test.tsx (18.492 
s)
  ÔùÅ Console

    console.error
      Received `true` for a non-boolean attribute `fill`.
      
      If you want to write it to the DOM, pass a string instead: 
fill="true" or fill={value.toString()}.

    [0m [90m 72 |[39m         cleanup()[33m;[39m
     [90m 73 |[39m         
    [31m[1m>[22m[39m[90m 74 |[39m         render(
     [90m    |[39m               [31m[1m^[22m[39m
     [90m 75 |[39m           [33m<[39m[33mCollectionHero[39m
     [90m 76 |[39m             collection[33m=[39m{collection}
     [90m 77 |[39m             
onAddToCart[33m=[39m{mockOnAddToCart}[0m

      at validateProperty 
(node_modules/react-dom/cjs/react-dom-client.development.js:3070:27)
      at warnUnknownProperties 
(node_modules/react-dom/cjs/react-dom-client.development.js:3146:9)
      at validatePropertiesInDevelopment 
(node_modules/react-dom/cjs/react-dom-client.development.js:19868:9)
      at setInitialProperties 
(node_modules/react-dom/cjs/react-dom-client.development.js:20491:7)
      at completeWork 
(node_modules/react-dom/cjs/react-dom-client.development.js:12662:18)
      at runWithFiberInDEV 
(node_modules/react-dom/cjs/react-dom-client.development.js:874:13)
      at completeUnitOfWork 
(node_modules/react-dom/cjs/react-dom-client.development.js:17777:19)
      at performUnitOfWork 
(node_modules/react-dom/cjs/react-dom-client.development.js:17658:11)
      at workLoopSync 
(node_modules/react-dom/cjs/react-dom-client.development.js:17469:41)
      at renderRootSync 
(node_modules/react-dom/cjs/react-dom-client.development.js:17450:11)
      at performWorkOnRoot 
(node_modules/react-dom/cjs/react-dom-client.development.js:16504:11)
      at performWorkOnRootViaSchedulerTask 
(node_modules/react-dom/cjs/react-dom-client.development.js:18957:7)
      at flushActQueue 
(node_modules/react/cjs/react.development.js:590:34)
      at process.env.NODE_ENV.exports.act 
(node_modules/react/cjs/react.development.js:884:10)
      at node_modules/@testing-library/react/dist/act-compat.js:46:25
      at renderRoot 
(node_modules/@testing-library/react/dist/pure.js:189:26)
      at render (node_modules/@testing-library/react/dist/pure.js:291:10)
      at 
src/components/collection/__tests__/CollectionHero.test.tsx:74:15
      at Property.predicate 
(node_modules/fast-check/lib/cjs/check/property/Property.js:17:92)
      at Property.run (node_modules/fast-check/lib/cjs/check/property/Pro
perty.generic.js:46:33)
      at runIt 
(node_modules/fast-check/lib/cjs/check/runner/Runner.js:18:30)
      at check 
(node_modules/fast-check/lib/cjs/check/runner/Runner.js:58:11)
      at Object.assert 
(node_modules/fast-check/lib/cjs/check/runner/Runner.js:61:17)
      at Object.<anonymous> 
(src/components/collection/__tests__/CollectionHero.test.tsx:70:8)

    console.error
      Received `true` for a non-boolean attribute `priority`.
      
      If you want to write it to the DOM, pass a string instead: 
priority="true" or priority={value.toString()}.

    [0m [90m 72 |[39m         cleanup()[33m;[39m
     [90m 73 |[39m         
    [31m[1m>[22m[39m[90m 74 |[39m         render(
     [90m    |[39m               [31m[1m^[22m[39m
     [90m 75 |[39m           [33m<[39m[33mCollectionHero[39m
     [90m 76 |[39m             collection[33m=[39m{collection}
     [90m 77 |[39m             
onAddToCart[33m=[39m{mockOnAddToCart}[0m

      at validateProperty 
(node_modules/react-dom/cjs/react-dom-client.development.js:3070:27)
      at warnUnknownProperties 
(node_modules/react-dom/cjs/react-dom-client.development.js:3146:9)
      at validatePropertiesInDevelopment 
(node_modules/react-dom/cjs/react-dom-client.development.js:19868:9)
      at setInitialProperties 
(node_modules/react-dom/cjs/react-dom-client.development.js:20491:7)
      at completeWork 
(node_modules/react-dom/cjs/react-dom-client.development.js:12662:18)
      at runWithFiberInDEV 
(node_modules/react-dom/cjs/react-dom-client.development.js:874:13)
      at completeUnitOfWork 
(node_modules/react-dom/cjs/react-dom-client.development.js:17777:19)
      at performUnitOfWork 
(node_modules/react-dom/cjs/react-dom-client.development.js:17658:11)
      at workLoopSync 
(node_modules/react-dom/cjs/react-dom-client.development.js:17469:41)
      at renderRootSync 
(node_modules/react-dom/cjs/react-dom-client.development.js:17450:11)
      at performWorkOnRoot 
(node_modules/react-dom/cjs/react-dom-client.development.js:16504:11)
      at performWorkOnRootViaSchedulerTask 
(node_modules/react-dom/cjs/react-dom-client.development.js:18957:7)
      at flushActQueue 
(node_modules/react/cjs/react.development.js:590:34)
      at process.env.NODE_ENV.exports.act 
(node_modules/react/cjs/react.development.js:884:10)
      at node_modules/@testing-library/react/dist/act-compat.js:46:25
      at renderRoot 
(node_modules/@testing-library/react/dist/pure.js:189:26)
      at render (node_modules/@testing-library/react/dist/pure.js:291:10)
      at 
src/components/collection/__tests__/CollectionHero.test.tsx:74:15
      at Property.predicate 
(node_modules/fast-check/lib/cjs/check/property/Property.js:17:92)
      at Property.run (node_modules/fast-check/lib/cjs/check/property/Pro
perty.generic.js:46:33)
      at runIt 
(node_modules/fast-check/lib/cjs/check/runner/Runner.js:18:30)
      at check 
(node_modules/fast-check/lib/cjs/check/runner/Runner.js:58:11)
      at Object.assert 
(node_modules/fast-check/lib/cjs/check/runner/Runner.js:61:17)
      at Object.<anonymous> 
(src/components/collection/__tests__/CollectionHero.test.tsx:70:8)

PASS src/lib/__tests__/utils.test.ts
PASS src/lib/validations/__tests__/manuscript.property.test.ts (18.958 s)
PASS src/components/book/__tests__/BookCard.test.tsx
  ÔùÅ Console

    console.error
      Received `true` for a non-boolean attribute `fill`.
      
      If you want to write it to the DOM, pass a string instead: 
fill="true" or fill={value.toString()}.

    [0m [90m 54 |[39m         
     [90m 55 |[39m         [90m// Render the component with generated 
data[39m
    [31m[1m>[22m[39m[90m 56 |[39m         [36mconst[39m { 
container } [33m=[39m render(
     [90m    |[39m                                     
[31m[1m^[22m[39m
     [90m 57 |[39m           [33m<[39m[33mBookCard[39m 
book[33m=[39m{book} [33m/[39m[33m>[39m
     [90m 58 |[39m         )[33m;[39m
     [90m 59 |[39m[0m

      at validateProperty 
(node_modules/react-dom/cjs/react-dom-client.development.js:3070:27)
      at warnUnknownProperties 
(node_modules/react-dom/cjs/react-dom-client.development.js:3146:9)
      at validatePropertiesInDevelopment 
(node_modules/react-dom/cjs/react-dom-client.development.js:19868:9)
      at setInitialProperties 
(node_modules/react-dom/cjs/react-dom-client.development.js:20491:7)
      at completeWork 
(node_modules/react-dom/cjs/react-dom-client.development.js:12662:18)
      at runWithFiberInDEV 
(node_modules/react-dom/cjs/react-dom-client.development.js:874:13)
      at completeUnitOfWork 
(node_modules/react-dom/cjs/react-dom-client.development.js:17777:19)
      at performUnitOfWork 
(node_modules/react-dom/cjs/react-dom-client.development.js:17658:11)
      at workLoopSync 
(node_modules/react-dom/cjs/react-dom-client.development.js:17469:41)
      at renderRootSync 
(node_modules/react-dom/cjs/react-dom-client.development.js:17450:11)
      at performWorkOnRoot 
(node_modules/react-dom/cjs/react-dom-client.development.js:16504:11)
      at performWorkOnRootViaSchedulerTask 
(node_modules/react-dom/cjs/react-dom-client.development.js:18957:7)
      at flushActQueue 
(node_modules/react/cjs/react.development.js:590:34)
      at process.env.NODE_ENV.exports.act 
(node_modules/react/cjs/react.development.js:884:10)
      at node_modules/@testing-library/react/dist/act-compat.js:46:25
      at renderRoot 
(node_modules/@testing-library/react/dist/pure.js:189:26)
      at render (node_modules/@testing-library/react/dist/pure.js:291:10)
      at src/components/book/__tests__/BookCard.test.tsx:56:37
      at Property.predicate 
(node_modules/fast-check/lib/cjs/check/property/Property.js:17:92)
      at Property.run (node_modules/fast-check/lib/cjs/check/property/Pro
perty.generic.js:46:33)
      at runIt 
(node_modules/fast-check/lib/cjs/check/runner/Runner.js:18:30)
      at check 
(node_modules/fast-check/lib/cjs/check/runner/Runner.js:58:11)
      at Object.assert 
(node_modules/fast-check/lib/cjs/check/runner/Runner.js:61:17)
      at Object.<anonymous> 
(src/components/book/__tests__/BookCard.test.tsx:50:8)

PASS src/components/collection/__tests__/CollectionCard.test.tsx
  ÔùÅ Console

    console.error
      Received `true` for a non-boolean attribute `fill`.
      
      If you want to write it to the DOM, pass a string instead: 
fill="true" or fill={value.toString()}.

    [0m [90m 56 |[39m         
     [90m 57 |[39m         [90m// Render the component with generated 
data[39m
    [31m[1m>[22m[39m[90m 58 |[39m         [36mconst[39m { 
container } [33m=[39m render(
     [90m    |[39m                                     
[31m[1m^[22m[39m
     [90m 59 |[39m           [33m<[39m[33mCollectionCard[39m 
collection[33m=[39m{collection} [33m/[39m[33m>[39m
     [90m 60 |[39m         )[33m;[39m
     [90m 61 |[39m[0m

      at validateProperty 
(node_modules/react-dom/cjs/react-dom-client.development.js:3070:27)
      at warnUnknownProperties 
(node_modules/react-dom/cjs/react-dom-client.development.js:3146:9)
      at validatePropertiesInDevelopment 
(node_modules/react-dom/cjs/react-dom-client.development.js:19868:9)
      at setInitialProperties 
(node_modules/react-dom/cjs/react-dom-client.development.js:20491:7)
      at completeWork 
(node_modules/react-dom/cjs/react-dom-client.development.js:12662:18)
      at runWithFiberInDEV 
(node_modules/react-dom/cjs/react-dom-client.development.js:874:13)
      at completeUnitOfWork 
(node_modules/react-dom/cjs/react-dom-client.development.js:17777:19)
      at performUnitOfWork 
(node_modules/react-dom/cjs/react-dom-client.development.js:17658:11)
      at workLoopSync 
(node_modules/react-dom/cjs/react-dom-client.development.js:17469:41)
      at renderRootSync 
(node_modules/react-dom/cjs/react-dom-client.development.js:17450:11)
      at performWorkOnRoot 
(node_modules/react-dom/cjs/react-dom-client.development.js:16504:11)
      at performWorkOnRootViaSchedulerTask 
(node_modules/react-dom/cjs/react-dom-client.development.js:18957:7)
      at flushActQueue 
(node_modules/react/cjs/react.development.js:590:34)
      at process.env.NODE_ENV.exports.act 
(node_modules/react/cjs/react.development.js:884:10)
      at node_modules/@testing-library/react/dist/act-compat.js:46:25
      at renderRoot 
(node_modules/@testing-library/react/dist/pure.js:189:26)
      at render (node_modules/@testing-library/react/dist/pure.js:291:10)
      at 
src/components/collection/__tests__/CollectionCard.test.tsx:58:37
      at Property.predicate 
(node_modules/fast-check/lib/cjs/check/property/Property.js:17:92)
      at Property.run (node_modules/fast-check/lib/cjs/check/property/Pro
perty.generic.js:46:33)
      at runIt 
(node_modules/fast-check/lib/cjs/check/runner/Runner.js:18:30)
      at check 
(node_modules/fast-check/lib/cjs/check/runner/Runner.js:58:11)
      at Object.assert 
(node_modules/fast-check/lib/cjs/check/runner/Runner.js:61:17)
      at Object.<anonymous> 
(src/components/collection/__tests__/CollectionCard.test.tsx:52:8)

PASS src/components/collections/__tests__/CollectionsPageContent.test.tsx

Test Suites: 14 passed, 14 total
Tests:       110 passed, 110 total
Snapshots:   0 total
Time:        27.203 s
Ran all test suites.
